﻿
> DevStudio@0.0.0 build
> vite build

[36mvite v7.2.6 [32mbuilding client environment for production...[36m[39m
transforming...
node.exe : 
At C:\Users\kumar\AppData\Roaming\npm\npm.ps1:24 char:5
+     & "node$exe"  "$basedir/node_modules/npm/bin/npm-cli.js" $args
+     ~~~~~~~~~~~~~~~~~~~~~~~~~~~~~~~~~~~~~~~~~~~~~~~~~~~~~~~~~~~~~~
    + CategoryInfo          : NotSpecified: (:String) [], RemoteExcep 
   tion
    + FullyQualifiedErrorId : NativeCommandError
 
<--- Last few GCs --->

[4228:000002165B4BB000]    25579 ms: Scavenge (interleaved) 2032.3 
(2050.2) -> 2032.2 (2055.2) MB, pooled: 0 MB, 4.86 / 0.00 ms  
(average mu = 0.439, current mu = 0.317) allocation failure; 
[4228:000002165B4BB000]    26972 ms: Mark-Compact 2037.2 (2057.0) -> 
2035.4 (2067.5) MB, pooled: 0 MB, 1381.52 / 0.00 ms  (average mu = 
0.163, current mu = 0.025) allocation failure; scavenge might not 
succeed

FATAL ERROR: Reached heap limit Allocation failed - JavaScript heap 
out of memory
----- Native stack trace -----

 1: 00007FF78D8AAE1F void __cdecl node::OnFatalError(char const * 
__ptr64,char const * __ptr64)+1343
 2: 00007FF78E4F37B7 public: class v8::MaybeLocal<class v8::Object> 
__cdecl v8::Function::NewInstance(class v8::Local<class 
v8::Context>,int,class v8::Local<class v8::Value> * __ptr64 
const)const __ptr64+423
 3: 00007FF78E2F3E77 private: __cdecl 
v8::base::AddressSpaceReservation::AddressSpaceReservation(void * 
__ptr64,unsigned __int64) __ptr64+322071
 4: 00007FF78E2F1B16 private: __cdecl 
v8::base::AddressSpaceReservation::AddressSpaceReservation(void * 
__ptr64,unsigned __int64) __ptr64+313014
 5: 00007FF78E30C1CA X509_STORE_set_cleanup+5098
 6: 00007FF78E318666 uv_timer_set_repeat+20694
 7: 00007FF78DEEB6C7 public: __cdecl v8::String::Value::~Value(void) 
__ptr64+143495
 8: 000002161FE7733A 
